layer at (0,0) size 800x600
  RenderView at (0,0) size 800x600
layer at (0,0) size 800x358
  RenderBlock {html} at (0,0) size 800x358
    RenderBody {body} at (8,8) size 784x342
      RenderText {#text} at (0,0) size 773x18
        text run at (0,0) width 773: "There should be no red displayed on the screen, and the patterns should not change when the browser window is resized."
      RenderBR {br} at (772,0) size 1x18
      RenderBR {br} at (0,18) size 0x18
      RenderText {#text} at (202,324) size 4x18
        text run at (202,324) width 4: " "
      RenderText {#text} at (408,324) size 4x18
        text run at (408,324) width 4: " "
      RenderText {#text} at (0,0) size 0x0
layer at (8,44) size 202x302 clip at (9,45) size 200x300
  RenderSVGRoot {svg} at (8,44) size 202x302
layer at (8,44) size 200x200 backgroundClip at (9,45) size 200x300 clip at (9,45) size 200x300
  RenderSVGContainer {g} at (8,44) size 200x200
layer at (8,144) size 100x50 backgroundClip at (9,45) size 200x300 clip at (9,45) size 200x300
  RenderSVGRect {rect} at (8,144) size 100x50 [fill={[type=SOLID] [color=#FF0000]}] [x=0.00] [y=100.00] [width=100.00] [height=50.00]
layer at (108,44) size 100x50 backgroundClip at (9,45) size 200x300 clip at (9,45) size 200x300
  RenderSVGRect {rect} at (108,44) size 100x50 [fill={[type=SOLID] [color=#FF0000]}] [x=100.00] [y=0.00] [width=100.00] [height=50.00]
layer at (8,144) size 100x100 backgroundClip at (9,45) size 200x300 clip at (9,45) size 200x300
  RenderSVGRect {rect} at (8,144) size 100x100 [fill={[type=PATTERN] [id="pattern"]}] [x=0.00] [y=100.00] [width=100.00] [height=100.00]
layer at (108,44) size 100x100 backgroundClip at (9,45) size 200x300 clip at (9,45) size 200x300
  RenderSVGRect {rect} at (108,44) size 100x100 [fill={[type=PATTERN] [id="pattern"]}] [x=100.00] [y=0.00] [width=100.00] [height=100.00]
layer at (214,44) size 202x302 clip at (215,45) size 200x300
  RenderSVGRoot {svg} at (214,44) size 202x302
layer at (219,310) size 83x18
  RenderSVGText {text} at (5,266) size 83x18 contains 1 chunk(s)
    RenderSVGInlineText {#text} at (0,0) size 83x18
      chunk 1 text run 1 at (5.00,280.00) startOffset 0 endOffset 11 width 82.78: "+Transforms"
layer at (214,44) size 100x100 backgroundClip at (215,45) size 200x300 clip at (215,45) size 200x300
  RenderSVGContainer {g} at (214,144) size 100x100
layer at (214,44) size 100x50 backgroundClip at (215,45) size 200x300 clip at (215,45) size 200x300
  RenderSVGRect {rect} at (214,144) size 100x50 [fill={[type=SOLID] [color=#FF0000]}] [x=0.00] [y=0.00] [width=100.00] [height=50.00]
layer at (214,44) size 100x100 backgroundClip at (215,45) size 200x300 clip at (215,45) size 200x300
  RenderSVGRect {rect} at (214,144) size 100x100 [fill={[type=PATTERN] [id="pattern"]}] [x=0.00] [y=0.00] [width=100.00] [height=100.00]
layer at (214,44) size 100x100 backgroundClip at (215,45) size 200x300 clip at (215,45) size 200x300
  RenderSVGContainer {g} at (314,44) size 100x100
layer at (214,44) size 100x50 backgroundClip at (215,45) size 200x300 clip at (215,45) size 200x300
  RenderSVGRect {rect} at (314,44) size 100x50 [fill={[type=SOLID] [color=#FF0000]}] [x=0.00] [y=0.00] [width=100.00] [height=50.00]
layer at (214,44) size 100x100 backgroundClip at (215,45) size 200x300 clip at (215,45) size 200x300
  RenderSVGRect {rect} at (314,44) size 100x100 [fill={[type=PATTERN] [id="pattern"]}] [x=0.00] [y=0.00] [width=100.00] [height=100.00]
layer at (214,44) size 100x50 backgroundClip at (215,45) size 200x300 clip at (215,45) size 200x300
  RenderSVGResourcePattern {pattern} [id="pattern"] [patternUnits=userSpaceOnUse] [patternContentUnits=userSpaceOnUse]
layer at (214,44) size 100x25 backgroundClip at (215,45) size 200x300 clip at (215,45) size 200x300
  RenderSVGRect {rect} at (0,0) size 100x25 [fill={[type=SOLID] [color=#008000]}] [x=0.00] [y=0.00] [width=100.00] [height=25.00]
layer at (214,69) size 100x25 backgroundClip at (215,45) size 200x300 clip at (215,45) size 200x300
  RenderSVGRect {rect} at (0,25) size 100x25 [fill={[type=SOLID] [color=#0000FF]}] [x=0.00] [y=25.00] [width=100.00] [height=25.00]
layer at (420,44) size 202x302 clip at (421,45) size 200x300
  RenderSVGRoot {svg} at (420,44) size 202x302
layer at (425,310) size 173x18
  RenderSVGText {text} at (5,266) size 173x18 contains 1 chunk(s)
    RenderSVGInlineText {#text} at (0,0) size 173x18
      chunk 1 text run 1 at (5.00,280.00) startOffset 0 endOffset 24 width 172.09: "+Accelerated Compositing"
layer at (420,44) size 200x200 backgroundClip at (421,45) size 200x300 clip at (421,45) size 200x300
  RenderSVGContainer {g} at (420,44) size 200x200
layer at (420,144) size 100x100 backgroundClip at (421,45) size 200x300 clip at (421,45) size 200x300
  RenderSVGRect {rect} at (420,144) size 100x100 [fill={[type=PATTERN] [id="pattern"]}] [x=0.00] [y=100.00] [width=100.00] [height=100.00]
layer at (520,44) size 100x100 backgroundClip at (421,45) size 200x300 clip at (421,45) size 200x300
  RenderSVGRect {rect} at (520,44) size 100x100 [fill={[type=PATTERN] [id="pattern"]}] [x=100.00] [y=0.00] [width=100.00] [height=100.00]
