layer at (0,0) size 800x600
  RenderView at (0,0) size 800x600
layer at (0,0) size 800x600
  RenderBlock {HTML} at (0,0) size 800x600
    RenderBody {BODY} at (8,8) size 784x584
      RenderText {#text} at (0,95) size 4x19
        text run at (0,95) width 4: " "
      RenderText {#text} at (0,0) size 0x0
      RenderText {#text} at (184,95) size 4x19
        text run at (184,95) width 4: " "
      RenderText {#text} at (368,95) size 4x19
        text run at (368,95) width 4: " "
      RenderText {#text} at (552,95) size 4x19
        text run at (552,95) width 4: " "
      RenderText {#text} at (736,95) size 4x19
        text run at (736,95) width 4: " "
      RenderText {#text} at (0,0) size 0x0
layer at (22,18) size 160x90
  RenderImage {IMG} at (14,10) size 160x90
layer at (206,18) size 160x90
  RenderImage {IMG} at (198,10) size 160x90
layer at (390,18) size 160x90
  RenderImage {IMG} at (382,10) size 160x90
layer at (574,18) size 160x90
  RenderImage {IMG} at (566,10) size 160x90
layer at (18,133) size 160x90
  RenderImage {IMG} at (10,125) size 160x90
