layer at (0,0) size 800x600
  RenderView at (0,0) size 800x600
layer at (0,0) size 800x600
  RenderBlock {HTML} at (0,0) size 800x600
    RenderBody {BODY} at (8,8) size 784x584
      RenderText {#text} at (0,96) size 4x18
        text run at (0,96) width 4: " "
      RenderText {#text} at (0,0) size 0x0
      RenderImage {IMG} at (14,10) size 160x90
      RenderText {#text} at (184,96) size 4x18
        text run at (184,96) width 4: " "
      RenderText {#text} at (368,96) size 4x18
        text run at (368,96) width 4: " "
      RenderText {#text} at (552,96) size 4x18
        text run at (552,96) width 4: " "
      RenderText {#text} at (736,96) size 4x18
        text run at (736,96) width 4: " "
      RenderText {#text} at (180,210) size 4x18
        text run at (180,210) width 4: " "
      RenderText {#text} at (364,210) size 4x18
        text run at (364,210) width 4: " "
      RenderText {#text} at (548,210) size 4x18
        text run at (548,210) width 4: " "
      RenderText {#text} at (732,210) size 4x18
        text run at (732,210) width 4: " "
      RenderText {#text} at (180,324) size 4x18
        text run at (180,324) width 4: " "
      RenderText {#text} at (0,0) size 0x0
layer at (206,18) size 160x90
  RenderImage {IMG} at (198,10) size 160x90
layer at (390,18) size 160x90
  RenderImage {IMG} at (382,10) size 160x90
layer at (574,18) size 160x90
  RenderImage {IMG} at (566,10) size 160x90
layer at (18,132) size 160x90
  RenderImage {IMG} at (10,124) size 160x90
layer at (202,132) size 160x90
  RenderImage {IMG} at (194,124) size 160x90
layer at (386,132) size 160x90
  RenderImage {IMG} at (378,124) size 160x90
layer at (570,132) size 160x90
  RenderImage {IMG} at (562,124) size 160x90
layer at (18,246) size 160x90
  RenderImage {IMG} at (10,238) size 160x90
layer at (202,246) size 160x90
  RenderImage {IMG} at (194,238) size 160x90
